[Mercer-ERROR]: 2019/08/18 10:48:43 Param is nil
[Mercer-ERROR]: 2019/08/18 10:50:36 Method is wrong
[Mercer-ERROR]: 2019/08/18 10:52:07 Method is wrong
